// Jest Snapshot v1, https://goo.gl/fbAQLP

exports[`Add Workout Form renders correctly 1`] = `
<div
  className="card-stats mb-4 mb-xl-0 card"
>
  <div
    className="card-body"
  >
    <div
      className="row"
    >
      <div
        className="col"
      >
        <form
          className=""
        >
          <div
            className="align-items-center justify-content-between row col-lg-12"
          >
            <h6
              className="heading-small text-muted mb-4"
            >
              Log a Workout
            </h6>
            <span
              className="icon icon-shape bg-gradient-orange text-white rounded-circle shadow"
            >
              <i
                className="ni ni-user-run"
              />
            </span>
          </div>
          <div
            className="row"
          >
            <div
              className="col-lg-12"
            >
              <label
                className="form-control-label"
                htmlFor="workout"
              >
                Workout
              </label>
              <input
                className="form-control-alternative form-control"
                id="workout"
                onChange={[Function]}
                placeholder="What kind of workout did you do?"
                type="text"
                value=""
              />
            </div>
            <div
              className="col-lg-12"
            >
              <label
                className="form-control-label"
                htmlFor="minutes"
              >
                Minutes
              </label>
              <input
                className="form-control-alternative form-control"
                id="minutes"
                onChange={[Function]}
                placeholder="How long did you workout?"
                type="number"
                value=""
              />
            </div>
            <div
              className="col-lg-12"
            >
              <label
                className="form-control-label"
                htmlFor="caloriesBurnt"
              >
                Calories Burnt
              </label>
              <input
                className="form-control-alternative form-control"
                id="caloriesBurnt"
                onChange={[Function]}
                placeholder="Calories Burnt"
                type="number"
                value=""
              />
            </div>
            <div
              className="col-lg-12"
            >
              <label
                className="form-control-label"
                htmlFor="weight"
              >
                Weight
              </label>
              <input
                className="form-control-alternative form-control"
                id="weight"
                onChange={[Function]}
                placeholder="How much weight did you lift?"
                type="number"
                value=""
              />
            </div>
          </div>
          <div
            className="align-items-center justify-content-end row"
          >
            <div
              className="mt-3 col-lg-12"
            >
              <button
                className="btn btn-info bg-gradient-orange w-100"
                onClick={[Function]}
              >
                Log My Workout
              </button>
              
              
            </div>
          </div>
        </form>
      </div>
    </div>
  </div>
</div>
`;
